  compilation object save succeeded; see C:\Users\takus\Desktop\新しいフォルダー\sln\shader\charaTexturePS.cso
  compilation object save succeeded; see C:\Users\takus\Desktop\新しいフォルダー\sln\shader\charaTextureVS.cso
  compilation object save succeeded; see C:\Users\takus\Desktop\新しいフォルダー\sln\shader\unlitTexturePS.cso
  compilation object save succeeded; see C:\Users\takus\Desktop\新しいフォルダー\sln\shader\unlitTextureVS.cso
  animationModel.cpp
  bgm.cpp
  bgmOutput.cpp
  bgTextureOutput.cpp
  branchButtonOutput.cpp
  branchButton.cpp
  charaAppearanceOutput.cpp
  charaChangeOutput.cpp
  charaExitOutput.cpp
  charaTexture.cpp
  cherryBlossomParticle.cpp
  createBgTexture.cpp
  createBranchButton.cpp
  createButton.cpp
  createCharaAppearance.cpp
  createCharaChange.cpp
  createCharaExit.cpp
  createBgm.cpp
  createJump.cpp
  createRavel.cpp
  コンパイル中...
  createScene.cpp
  createGameStop.cpp
  createSe.cpp
  cube.cpp
  camera.cpp
  debug.cpp
  deleteSpeakText.cpp
  executeButton.cpp
  executeManager.cpp
  fade.cpp
  game.cpp
  gameStopOutput.cpp
  imGuiManager.cpp
  imgui.cpp
  imgui_draw.cpp
  imgui_impl_dx11.cpp
  imgui_impl_win32.cpp
  imgui_tables.cpp
  imgui_widgets.cpp
  input.cpp
  コンパイル中...
  jumpOutput.cpp
  load.cpp
  loadingRowling.cpp
  main.cpp
  manager.cpp
  modelRenderer.cpp
  mouse.cpp
  nameText.cpp
  plane.cpp
  playButtonBg.cpp
  player.cpp
  playButton.cpp
  projectLoad.cpp
C:\Users\takus\Desktop\新しいフォルダー\sln\projectLoadComponent.h(244,35): warning C4101: 'e': ローカル変数は 1 度も使われていません。
  (ソース ファイル 'projectLoad.cpp' をコンパイルしています)
  
  projectSaveButton.cpp
  renderer.cpp
  result.cpp
  scene.cpp
  createSpeakText.cpp
  se.cpp
  seOutput.cpp
  コンパイル中...
  sound.cpp
  speakText.cpp
  createList.cpp
  square.cpp
  text.cpp
  textBox.cpp
  texture.cpp
  bgTexture.cpp
  time.cpp
  title.cpp
  titleBG.cpp
  titleCamera.cpp
  titleLogo.cpp
  titlePaper.cpp
  titleSkydome.cpp
  コード生成しています。
  Previous IPDB not found, fall back to full compilation.
  All 6419 functions were compiled because no usable IPDB/IOBJ from previous compilation was found.
  コード生成が終了しました。
DirectXTex_Release.lib(DirectXTexD3D11.obj) : warning LNK4099: PDB '' が 'DirectXTex_Release.lib(DirectXTexD3D11.obj)' で、または '' に見つかりません。デバッグ情報がないものとして、オブジェクトにリンクします。
DirectXTex_Release.lib(DirectXTexWIC.obj) : warning LNK4099: PDB '' が 'DirectXTex_Release.lib(DirectXTexWIC.obj)' で、または '' に見つかりません。デバッグ情報がないものとして、オブジェクトにリンクします。
DirectXTex_Release.lib(DirectXTexImage.obj) : warning LNK4099: PDB '' が 'DirectXTex_Release.lib(DirectXTexImage.obj)' で、または '' に見つかりません。デバッグ情報がないものとして、オブジェクトにリンクします。
DirectXTex_Release.lib(DirectXTexUtil.obj) : warning LNK4099: PDB '' が 'DirectXTex_Release.lib(DirectXTexUtil.obj)' で、または '' に見つかりません。デバッグ情報がないものとして、オブジェクトにリンクします。
DirectXTex_Release.lib(DirectXTexConvert.obj) : warning LNK4099: PDB '' が 'DirectXTex_Release.lib(DirectXTexConvert.obj)' で、または '' に見つかりません。デバッグ情報がないものとして、オブジェクトにリンクします。
DirectXTex_Release.lib(DirectXTexCompress.obj) : warning LNK4099: PDB '' が 'DirectXTex_Release.lib(DirectXTexCompress.obj)' で、または '' に見つかりません。デバッグ情報がないものとして、オブジェクトにリンクします。
DirectXTex_Release.lib(DirectXTexMipMaps.obj) : warning LNK4099: PDB '' が 'DirectXTex_Release.lib(DirectXTexMipMaps.obj)' で、または '' に見つかりません。デバッグ情報がないものとして、オブジェクトにリンクします。
DirectXTex_Release.lib(BC.obj) : warning LNK4099: PDB '' が 'DirectXTex_Release.lib(BC.obj)' で、または '' に見つかりません。デバッグ情報がないものとして、オブジェクトにリンクします。
DirectXTex_Release.lib(BC4BC5.obj) : warning LNK4099: PDB '' が 'DirectXTex_Release.lib(BC4BC5.obj)' で、または '' に見つかりません。デバッグ情報がないものとして、オブジェクトにリンクします。
DirectXTex_Release.lib(BC6HBC7.obj) : warning LNK4099: PDB '' が 'DirectXTex_Release.lib(BC6HBC7.obj)' で、または '' に見つかりません。デバッグ情報がないものとして、オブジェクトにリンクします。
  Project1.vcxproj -> C:\Users\takus\Desktop\新しいフォルダー\sln\x64\Release\Project1.exe
