  bgTextureOutput.cpp
  bgmOutput.cpp
  branchButton.cpp
  branchButtonOutput.cpp
  camera.cpp
  charaAppearanceOutput.cpp
  charaChangeOutput.cpp
  charaExitOutput.cpp
  cherryBlossomParticle.cpp
  createBgTexture.cpp
  createBgm.cpp
  createBranchButton.cpp
  createButton.cpp
  createCharaAppearance.cpp
  createCharaChange.cpp
  createCharaExit.cpp
  createGameStop.cpp
  createJump.cpp
  createList.cpp
  createRavel.cpp
  コードを生成中...
  コンパイル中...
  createSe.cpp
  createSpeakText.cpp
  createSpeakTextDisplay.cpp
  createSpeakTextHidden.cpp
  cube.cpp
  debug.cpp
  deleteSpeakText.cpp
  executeManager.cpp
  fade.cpp
  imGuiManager.cpp
  jumpOutput.cpp
  load.cpp
  loadingRowling.cpp
  main.cpp
  manager.cpp
  mouse.cpp
  nameText.cpp
  plane.cpp
  playButton.cpp
  player.cpp
  コードを生成中...
  コンパイル中...
  projectLoad.cpp
C:\Users\takus\Documents\GitHub\NoteBookEngine\sln\projectLoadComponent.h(257,35): warning C4101: 'e': ローカル変数は 1 度も使われていません。
  (ソース ファイル 'projectLoad.cpp' をコンパイルしています)
  
  projectSaveButton.cpp
  seOutput.cpp
  speakText.cpp
  speakTextDisplayOutput.cpp
  speakTextHiddenOutput.cpp
  text.cpp
  textBox.cpp
  texture.cpp
  title.cpp
  titleCamera.cpp
  コードを生成中...
  LINK : 前回のインクリメンタル リンクで C:\Users\takus\Documents\GitHub\NoteBookEngine\sln\x64\Debug\Project1.exe が見つからなかったか、ビルドされませんでした。フル リンクを行います。
DirectXTex_Debug.lib(DirectXTexImage.obj) : warning LNK4099: PDB '' が 'DirectXTex_Debug.lib(DirectXTexImage.obj)' で、または '' に見つかりません。デバッグ情報がないものとして、オブジェクトにリンクします。
DirectXTex_Debug.lib(DirectXTexWIC.obj) : warning LNK4099: PDB '' が 'DirectXTex_Debug.lib(DirectXTexWIC.obj)' で、または '' に見つかりません。デバッグ情報がないものとして、オブジェクトにリンクします。
DirectXTex_Debug.lib(DirectXTexD3D11.obj) : warning LNK4099: PDB '' が 'DirectXTex_Debug.lib(DirectXTexD3D11.obj)' で、または '' に見つかりません。デバッグ情報がないものとして、オブジェクトにリンクします。
DirectXTex_Debug.lib(DirectXTexUtil.obj) : warning LNK4099: PDB '' が 'DirectXTex_Debug.lib(DirectXTexUtil.obj)' で、または '' に見つかりません。デバッグ情報がないものとして、オブジェクトにリンクします。
DirectXTex_Debug.lib(DirectXTexConvert.obj) : warning LNK4099: PDB '' が 'DirectXTex_Debug.lib(DirectXTexConvert.obj)' で、または '' に見つかりません。デバッグ情報がないものとして、オブジェクトにリンクします。
DirectXTex_Debug.lib(DirectXTexCompress.obj) : warning LNK4099: PDB '' が 'DirectXTex_Debug.lib(DirectXTexCompress.obj)' で、または '' に見つかりません。デバッグ情報がないものとして、オブジェクトにリンクします。
DirectXTex_Debug.lib(DirectXTexMipMaps.obj) : warning LNK4099: PDB '' が 'DirectXTex_Debug.lib(DirectXTexMipMaps.obj)' で、または '' に見つかりません。デバッグ情報がないものとして、オブジェクトにリンクします。
DirectXTex_Debug.lib(BC.obj) : warning LNK4099: PDB '' が 'DirectXTex_Debug.lib(BC.obj)' で、または '' に見つかりません。デバッグ情報がないものとして、オブジェクトにリンクします。
DirectXTex_Debug.lib(BC4BC5.obj) : warning LNK4099: PDB '' が 'DirectXTex_Debug.lib(BC4BC5.obj)' で、または '' に見つかりません。デバッグ情報がないものとして、オブジェクトにリンクします。
DirectXTex_Debug.lib(BC6HBC7.obj) : warning LNK4099: PDB '' が 'DirectXTex_Debug.lib(BC6HBC7.obj)' で、または '' に見つかりません。デバッグ情報がないものとして、オブジェクトにリンクします。
  Project1.vcxproj -> C:\Users\takus\Documents\GitHub\NoteBookEngine\sln\x64\Debug\Project1.exe
